// Jest Snapshot v1, https://goo.gl/fbAQLP

exports[`<App /> renders correctly 1`] = `
<DocumentFragment>
  <div>
    <header>
      <h1>
        Tic Tac Toe
      </h1>
    </header>
    <div
      class="css-1w73uij"
    >
      <div
        class="css-yj3haq"
      >
        <div>
          Next Turn : X
        </div>
        <div
          data-testid="status"
        />
        <button
          name="reset"
          type="button"
        >
          Reset
        </button>
      </div>
      <div
        class="css-1w73uij"
        data-testid="grid"
      >
        <div
          class="css-1x1afi9"
        >
          <div
            class="css-ppfkvi"
          >
            <button
              class="css-113hvi"
              type="button"
            />
          </div>
          <div
            class="css-ppfkvi"
          >
            <button
              class="css-113hvi"
              type="button"
            />
          </div>
          <div
            class="css-ppfkvi"
          >
            <button
              class="css-113hvi"
              type="button"
            />
          </div>
          <div
            class="css-ppfkvi"
          >
            <button
              class="css-113hvi"
              type="button"
            />
          </div>
          <div
            class="css-ppfkvi"
          >
            <button
              class="css-113hvi"
              type="button"
            />
          </div>
          <div
            class="css-ppfkvi"
          >
            <button
              class="css-113hvi"
              type="button"
            />
          </div>
          <div
            class="css-ppfkvi"
          >
            <button
              class="css-113hvi"
              type="button"
            />
          </div>
          <div
            class="css-ppfkvi"
          >
            <button
              class="css-113hvi"
              type="button"
            />
          </div>
          <div
            class="css-ppfkvi"
          >
            <button
              class="css-113hvi"
              type="button"
            />
          </div>
        </div>
      </div>
    </div>
  </div>
</DocumentFragment>
`;
